bytes	Mbits/s	time	Mbits/s	time	1	2	4	8	16	32	64	128	256	512	1024	2048	4096	8192	16384	32768	65536	131072
0	0.000000	0.000001841	0.000000	0.000003195	0.004004880	0.003870997	0.002559570	0.001206075	0.000643592	0.000246155	0.000097807	0.000050113	0.000296496	0.000117956	
1	2.571010	0.000002967	3.019049	0.000002527	0.005181536	0.004298847	0.002372082	0.001060549	0.000591842	0.000268643	0.000350759	0.000049174	0.000018775	0.000012456	
